Archive member included to satisfy reference by file (symbol)

C:/ST/STM32CubeIDE_1.18.0/STM32CubeIDE/plugins/com.st.stm32cube.ide.mcu.externaltools.gnu-tools-for-stm32.13.3.rel1.win32_1.0.0.202411081344/tools/bin/../lib/gcc/arm-none-eabi/13.3.1/../../../../arm-none-eabi/lib/thumb/v7e-m+fp/hard\libc_nano.a(libc_a-exit.o)
                              C:/ST/STM32CubeIDE_1.18.0/STM32CubeIDE/plugins/com.st.stm32cube.ide.mcu.externaltools.gnu-tools-for-stm32.13.3.rel1.win32_1.0.0.202411081344/tools/bin/../lib/gcc/arm-none-eabi/13.3.1/../../../../arm-none-eabi/lib/thumb/v7e-m+fp/hard/crt0.o (exit)
C:/ST/STM32CubeIDE_1.18.0/STM32CubeIDE/plugins/com.st.stm32cube.ide.mcu.externaltools.gnu-tools-for-stm32.13.3.rel1.win32_1.0.0.202411081344/tools/bin/../lib/gcc/arm-none-eabi/13.3.1/../../../../arm-none-eabi/lib/thumb/v7e-m+fp/hard\libc_nano.a(libc_a-findfp.o)
                              C:/ST/STM32CubeIDE_1.18.0/STM32CubeIDE/plugins/com.st.stm32cube.ide.mcu.externaltools.gnu-tools-for-stm32.13.3.rel1.win32_1.0.0.202411081344/tools/bin/../lib/gcc/arm-none-eabi/13.3.1/../../../../arm-none-eabi/lib/thumb/v7e-m+fp/hard\libc_nano.a(libc_a-exit.o) (__stdio_exit_handler)
C:/ST/STM32CubeIDE_1.18.0/STM32CubeIDE/plugins/com.st.stm32cube.ide.mcu.externaltools.gnu-tools-for-stm32.13.3.rel1.win32_1.0.0.202411081344/tools/bin/../lib/gcc/arm-none-eabi/13.3.1/../../../../arm-none-eabi/lib/thumb/v7e-m+fp/hard\libc_nano.a(libc_a-fwalk.o)
                              C:/ST/STM32CubeIDE_1.18.0/STM32CubeIDE/plugins/com.st.stm32cube.ide.mcu.externaltools.gnu-tools-for-stm32.13.3.rel1.win32_1.0.0.202411081344/tools/bin/../lib/gcc/arm-none-eabi/13.3.1/../../../../arm-none-eabi/lib/thumb/v7e-m+fp/hard\libc_nano.a(libc_a-findfp.o) (_fwalk_sglue)
C:/ST/STM32CubeIDE_1.18.0/STM32CubeIDE/plugins/com.st.stm32cube.ide.mcu.externaltools.gnu-tools-for-stm32.13.3.rel1.win32_1.0.0.202411081344/tools/bin/../lib/gcc/arm-none-eabi/13.3.1/../../../../arm-none-eabi/lib/thumb/v7e-m+fp/hard\libc_nano.a(libc_a-stdio.o)
                              C:/ST/STM32CubeIDE_1.18.0/STM32CubeIDE/plugins/com.st.stm32cube.ide.mcu.externaltools.gnu-tools-for-stm32.13.3.rel1.win32_1.0.0.202411081344/tools/bin/../lib/gcc/arm-none-eabi/13.3.1/../../../../arm-none-eabi/lib/thumb/v7e-m+fp/hard\libc_nano.a(libc_a-findfp.o) (__sread)
C:/ST/STM32CubeIDE_1.18.0/STM32CubeIDE/plugins/com.st.stm32cube.ide.mcu.externaltools.gnu-tools-for-stm32.13.3.rel1.win32_1.0.0.202411081344/tools/bin/../lib/gcc/arm-none-eabi/13.3.1/../../../../arm-none-eabi/lib/thumb/v7e-m+fp/hard\libc_nano.a(libc_a-memset.o)
                              C:/ST/STM32CubeIDE_1.18.0/STM32CubeIDE/plugins/com.st.stm32cube.ide.mcu.externaltools.gnu-tools-for-stm32.13.3.rel1.win32_1.0.0.202411081344/tools/bin/../lib/gcc/arm-none-eabi/13.3.1/../../../../arm-none-eabi/lib/thumb/v7e-m+fp/hard/crt0.o (memset)
C:/ST/STM32CubeIDE_1.18.0/STM32CubeIDE/plugins/com.st.stm32cube.ide.mcu.externaltools.gnu-tools-for-stm32.13.3.rel1.win32_1.0.0.202411081344/tools/bin/../lib/gcc/arm-none-eabi/13.3.1/../../../../arm-none-eabi/lib/thumb/v7e-m+fp/hard\libc_nano.a(libc_a-closer.o)
                              C:/ST/STM32CubeIDE_1.18.0/STM32CubeIDE/plugins/com.st.stm32cube.ide.mcu.externaltools.gnu-tools-for-stm32.13.3.rel1.win32_1.0.0.202411081344/tools/bin/../lib/gcc/arm-none-eabi/13.3.1/../../../../arm-none-eabi/lib/thumb/v7e-m+fp/hard\libc_nano.a(libc_a-stdio.o) (_close_r)
C:/ST/STM32CubeIDE_1.18.0/STM32CubeIDE/plugins/com.st.stm32cube.ide.mcu.externaltools.gnu-tools-for-stm32.13.3.rel1.win32_1.0.0.202411081344/tools/bin/../lib/gcc/arm-none-eabi/13.3.1/../../../../arm-none-eabi/lib/thumb/v7e-m+fp/hard\libc_nano.a(libc_a-reent.o)
                              C:/ST/STM32CubeIDE_1.18.0/STM32CubeIDE/plugins/com.st.stm32cube.ide.mcu.externaltools.gnu-tools-for-stm32.13.3.rel1.win32_1.0.0.202411081344/tools/bin/../lib/gcc/arm-none-eabi/13.3.1/../../../../arm-none-eabi/lib/thumb/v7e-m+fp/hard\libc_nano.a(libc_a-closer.o) (errno)
C:/ST/STM32CubeIDE_1.18.0/STM32CubeIDE/plugins/com.st.stm32cube.ide.mcu.externaltools.gnu-tools-for-stm32.13.3.rel1.win32_1.0.0.202411081344/tools/bin/../lib/gcc/arm-none-eabi/13.3.1/../../../../arm-none-eabi/lib/thumb/v7e-m+fp/hard\libc_nano.a(libc_a-impure.o)
                              C:/ST/STM32CubeIDE_1.18.0/STM32CubeIDE/plugins/com.st.stm32cube.ide.mcu.externaltools.gnu-tools-for-stm32.13.3.rel1.win32_1.0.0.202411081344/tools/bin/../lib/gcc/arm-none-eabi/13.3.1/../../../../arm-none-eabi/lib/thumb/v7e-m+fp/hard\libc_nano.a(libc_a-reent.o) (_impure_ptr)
C:/ST/STM32CubeIDE_1.18.0/STM32CubeIDE/plugins/com.st.stm32cube.ide.mcu.externaltools.gnu-tools-for-stm32.13.3.rel1.win32_1.0.0.202411081344/tools/bin/../lib/gcc/arm-none-eabi/13.3.1/../../../../arm-none-eabi/lib/thumb/v7e-m+fp/hard\libc_nano.a(libc_a-lseekr.o)
[...]
Memory Configuration

Name             Origin             Length             Attributes
RAM              0x20000000         0x00020000         xrw
FLASH            0x08000000         0x00080000         xr
*default*        0x00000000         0xffffffff

Linker script and memory map

LOAD C:/ST/STM32CubeIDE_1.18.0/STM32CubeIDE/plugins/com.st.stm32cube.ide.mcu.externaltools.gnu-tools-for-stm32.13.3.rel1.win32_1.0.0.202411081344/tools/bin/../lib/gcc/arm-none-eabi/13.3.1/thumb/v7e-m+fp/hard/crti.o
LOAD C:/ST/STM32CubeIDE_1.18.0/STM32CubeIDE/plugins/com.st.stm32cube.ide.mcu.externaltools.gnu-tools-for-stm32.13.3.rel1.win32_1.0.0.202411081344/tools/bin/../lib/gcc/arm-none-eabi/13.3.1/thumb/v7e-m+fp/hard/crtbegin.o
LOAD C:/ST/STM32CubeIDE_1.18.0/STM32CubeIDE/plugins/com.st.stm32cube.ide.mcu.externaltools.gnu-tools-for-stm32.13.3.rel1.win32_1.0.0.202411081344/tools/bin/../lib/gcc/arm-none-eabi/13.3.1/../../../../arm-none-eabi/lib/thumb/v7e-m+fp/hard/crt0.o
LOAD ./Core/Src/fatfs_sd.o
LOAD ./Core/Src/main.o
LOAD ./Core/Src/stm32f4xx_hal_msp.o
LOAD ./Core/Src/stm32f4xx_it.o
LOAD ./Core/Src/syscalls.o
LOAD ./Core/Src/sysmem.o
LOAD ./Core/Src/system_stm32f4xx.o
LOAD ./Core/Startup/startup_stm32f446retx.o
LOAD ./Drivers/STM32F4xx_HAL_Driver/Src/stm32f4xx_hal.o
LOAD ./Drivers/STM32F4xx_HAL_Driver/Src/stm32f4xx_hal_cortex.o
LOAD ./Drivers/STM32F4xx_HAL_Driver/Src/stm32f4xx_hal_dma.o
LOAD ./Drivers/STM32F4xx_HAL_Driver/Src/stm32f4xx_hal_dma_ex.o
LOAD ./Drivers/STM32F4xx_HAL_Driver/Src/stm32f4xx_hal_exti.o
LOAD ./Drivers/STM32F4xx_HAL_Driver/Src/stm32f4xx_hal_flash.o
LOAD ./Drivers/STM32F4xx_HAL_Driver/Src/stm32f4xx_hal_flash_ex.o
LOAD ./Drivers/STM32F4xx_HAL_Driver/Src/stm32f4xx_hal_flash_ramfunc.o
LOAD ./Drivers/STM32F4xx_HAL_Driver/Src/stm32f4xx_hal_gpio.o
LOAD ./Drivers/STM32F4xx_HAL_Driver/Src/stm32f4xx_hal_pwr.o
LOAD ./Drivers/STM32F4xx_HAL_Driver/Src/stm32f4xx_hal_pwr_ex.o
LOAD ./Drivers/STM32F4xx_HAL_Driver/Src/stm32f4xx_hal_rcc.o
LOAD ./Drivers/STM32F4xx_HAL_Driver/Src/stm32f4xx_hal_rcc_ex.o
LOAD ./Drivers/STM32F4xx_HAL_Driver/Src/stm32f4xx_hal_spi.o
LOAD ./Drivers/STM32F4xx_HAL_Driver/Src/stm32f4xx_hal_uart.o
LOAD ./FATFS/App/fatfs.o
LOAD ./FATFS/Target/user_diskio.o
LOAD ./Middlewares/Third_Party/FatFs/src/diskio.o
LOAD ./Middlewares/Third_Party/FatFs/src/ff.o
LOAD ./Middlewares/Third_Party/FatFs/src/ff_gen_drv.o
LOAD ./Middlewares/Third_Party/FatFs/src/option/ccsbcs.o
LOAD ./Middlewares/Third_Party/FatFs/src/option/syscall.o
START GROUP
LOAD C:/ST/STM32CubeIDE_1.18.0/STM32CubeIDE/plugins/com.st.stm32cube.ide.mcu.externaltools.gnu-tools-for-stm32.13.3.rel1.win32_1.0.0.202411081344/tools/bin/../lib/gcc/arm-none-eabi/13.3.1/../../../../arm-none-eabi/lib/thumb/v7e-m+fp/hard\libc_nano.a
LOAD C:/ST/STM32CubeIDE_1.18.0/STM32CubeIDE/plugins/com.st.stm32cube.ide.mcu.externaltools.gnu-tools-for-stm32.13.3.rel1.win32_1.0.0.202411081344/tools/bin/../lib/gcc/arm-none-eabi/13.3.1/../../../../arm-none-eabi/lib/thumb/v7e-m+fp/hard\libm.a
END GROUP
START GROUP
LOAD C:/ST/STM32CubeIDE_1.18.0/STM32CubeIDE/plugins/com.st.stm32cube.ide.mcu.externaltools.gnu-tools-for-stm32.13.3.rel1.win32_1.0.0.202411081344/tools/bin/../lib/gcc/arm-none-eabi/13.3.1/thumb/v7e-m+fp/hard\libgcc.a
LOAD C:/ST/STM32CubeIDE_1.18.0/STM32CubeIDE/plugins/com.st.stm32cube.ide.mcu.externaltools.gnu-tools-for-stm32.13.3.rel1.win32_1.0.0.202411081344/tools/bin/../lib/gcc/arm-none-eabi/13.3.1/../../../../arm-none-eabi/lib/thumb/v7e-m+fp/hard\libc_nano.a
END GROUP
START GROUP
LOAD C:/ST/STM32CubeIDE_1.18.0/STM32CubeIDE/plugins/com.st.stm32cube.ide.mcu.externaltools.gnu-tools-for-stm32.13.3.rel1.win32_1.0.0.202411081344/tools/bin/../lib/gcc/arm-none-eabi/13.3.1/thumb/v7e-m+fp/hard\libgcc.a
LOAD C:/ST/STM32CubeIDE_1.18.0/STM32CubeIDE/plugins/com.st.stm32cube.ide.mcu.externaltools.gnu-tools-for-stm32.13.3.rel1.win32_1.0.0.202411081344/tools/bin/../lib/gcc/arm-none-eabi/13.3.1/../../../../arm-none-eabi/lib/thumb/v7e-m+fp/hard\libc_nano.a
LOAD C:/ST/STM32CubeIDE_1.18.0/STM32CubeIDE/plugins/com.st.stm32cube.ide.mcu.externaltools.gnu-tools-for-stm32.13.3.rel1.win32_1.0.0.202411081344/tools/bin/../lib/gcc/arm-none-eabi/13.3.1/../../../../arm-none-eabi/lib/thumb/v7e-m+fp/hard\libnosys.a
END GROUP
START GROUP
LOAD C:/ST/STM32CubeIDE_1.18.0/STM32CubeIDE/plugins/com.st.stm32cube.ide.mcu.externaltools.gnu-tools-for-stm32.13.3.rel1.win32_1.0.0.202411081344/tools/bin/../lib/gcc/arm-none-eabi/13.3.1/thumb/v7e-m+fp/hard\libgcc.a
LOAD C:/ST/STM32CubeIDE_1.18.0/STM32CubeIDE/plugins/com.st.stm32cube.ide.mcu.externaltools.gnu-tools-for-stm32.13.3.rel1.win32_1.0.0.202411081344/tools/bin/../lib/gcc/arm-none-eabi/13.3.1/../../../../arm-none-eabi/lib/thumb/v7e-m+fp/hard\libc_nano.a
LOAD C:/ST/STM32CubeIDE_1.18.0/STM32CubeIDE/plugins/com.st.stm32cube.ide.mcu.externaltools.gnu-tools-for-stm32.13.3.rel1.win32_1.0.0.202411081344/tools/bin/../lib/gcc/arm-none-eabi/13.3.1/../../../../arm-none-eabi/lib/thumb/v7e-m+fp/hard\libnosys.a
END GROUP
LOAD C:/ST/STM32CubeIDE_1.18.0/STM32CubeIDE/plugins/com.st.stm32cube.ide.mcu.externaltools.gnu-tools-for-stm32.13.3.rel1.win32_1.0.0.202411081344/tools/bin/../lib/gcc/arm-none-eabi/13.3.1/thumb/v7e-m+fp/hard/crtend.o
LOAD C:/ST/STM32CubeIDE_1.18.0/STM32CubeIDE/plugins/com.st.stm32cube.ide.mcu.externaltools.gnu-tools-for-stm32.13.3.rel1.win32_1.0.0.202411081344/tools/bin/../lib/gcc/arm-none-eabi/13.3.1/thumb/v7e-m+fp/hard/crtn.o
                0x20020000                        _estack = (ORIGIN (RAM) + LENGTH (RAM))
                0x00000200                        _Min_Heap_Size = 0x200
                0x00000400                        _Min_Stack_Size = 0x400

.isr_vector     0x08000000      0x1c4
                0x08000000                        . = ALIGN (0x4)
 *(.isr_vector)
 .isr_vector    0x08000000      0x1c4 ./Core/Startup/startup_stm32f446retx.o
                0x08000000                g_pfnVectors
                0x080001c4                        . = ALIGN (0x4)

.text           0x080001c4     0x753c
                0x080001c4                        . = ALIGN (0x4)
 *(.text)
 .text          0x080001c4       0x40 C:/ST/STM32CubeIDE_1.18.0/STM32CubeIDE/plugins/com.st.stm32cube.ide.mcu.externaltools.gnu-tools-for-stm32.13.3.rel1.win32_1.0.0.202411081344/tools/bin/../lib/gcc/arm-none-eabi/13.3.1/thumb/v7e-m+fp/hard/crtbegin.o
 .text          0x08000204       0x10 C:/ST/STM32CubeIDE_1.18.0/STM32CubeIDE/plugins/com.st.stm32cube.ide.mcu.externaltools.gnu-tools-for-stm32.13.3.rel1.win32_1.0.0.202411081344/tools/bin/../lib/gcc/arm-none-eabi/13.3.1/../../../../arm-none-eabi/lib/thumb/v7e-m+fp/hard\libc_nano.a(libc_a-strlen.o)
                0x08000204                strlen
 .text          0x08000214       0x30 C:/ST/STM32CubeIDE_1.18.0/STM32CubeIDE/plugins/com.st.stm32cube.ide.mcu.externaltools.gnu-tools-for-stm32.13.3.rel1.win32_1.0.0.202411081344/tools/bin/../lib/gcc/arm-none-eabi/13.3.1/thumb/v7e-m+fp/hard\libgcc.a(_aeabi_uldivmod.o)
                0x08000214                __aeabi_uldivmod
 .text          0x08000244      0x2f8 C:/ST/STM32CubeIDE_1.18.0/STM32CubeIDE/plugins/com.st.stm32cube.ide.mcu.externaltools.gnu-tools-for-stm32.13.3.rel1.win32_1.0.0.202411081344/tools/bin/../lib/gcc/arm-none-eabi/13.3.1/thumb/v7e-m+fp/hard\libgcc.a(_udivmoddi4.o)
                0x08000244                __udivmoddi4
 .text          0x0800053c        0x4 C:/ST/STM32CubeIDE_1.18.0/STM32CubeIDE/plugins/com.st.stm32cube.ide.mcu.externaltools.gnu-tools-for-stm32.13.3.rel1.win32_1.0.0.202411081344/tools/bin/../lib/gcc/arm-none-eabi/13.3.1/thumb/v7e-m+fp/hard\libgcc.a(_dvmd_tls.o)
                0x0800053c                __aeabi_idiv0
                0x0800053c                __aeabi_ldiv0
 *(.text*)
 .text.SELECT   0x08000540       0x1c ./Core/Src/fatfs_sd.o
 .text.DESELECT
                0x0800055c       0x1c ./Core/Src/fatfs_sd.o
 .text.SPI_TxByte
                0x08000578       0x34 ./Core/Src/fatfs_sd.o
 .text.SPI_TxBuffer
                0x080005ac       0x34 ./Core/Src/fatfs_sd.o
 .text.SPI_RxByte
                0x080005e0       0x38 ./Core/Src/fatfs_sd.o
 .text.SPI_RxBytePtr
                0x08000618       0x1c ./Core/Src/fatfs_sd.o
 .text.SD_ReadyWait
                0x08000634       0x34 ./Core/Src/fatfs_sd.o
 .text.SD_PowerOn
                0x08000668       0x84 ./Core/Src/fatfs_sd.o
 .text.SD_PowerOff
                0x080006ec       0x18 ./Core/Src/fatfs_sd.o
 .text.SD_RxDataBlock
                0x08000704       0x5c ./Core/Src/fatfs_sd.o
 .text.SD_TxDataBlock
                0x08000760       0x86 ./Core/Src/fatfs_sd.o
 .text.SD_SendCmd
                0x080007e6       0xa8 ./Core/Src/fatfs_sd.o
 *fill*         0x0800088e        0x2 
 .text.SD_disk_initialize
                0x08000890      0x1cc ./Core/Src/fatfs_sd.o
                0x08000890                SD_disk_initialize
 .text.SD_disk_status
                0x08000a5c       0x2c ./Core/Src/fatfs_sd.o
                0x08000a5c                SD_disk_status
 .text.SD_disk_read
                0x08000a88       0xd4 ./Core/Src/fatfs_sd.o
                0x08000a88                SD_disk_read
 .text.SD_disk_write
                0x08000b5c      0x108 ./Core/Src/fatfs_sd.o
                0x08000b5c                SD_disk_write
 .text.transmit_uart
                0x08000c64       0x2c ./Core/Src/main.o
                0x08000c64                transmit_uart
 .text.menu     0x08000c90       0x44 ./Core/Src/main.o
                0x08000c90                menu
 .text.read_text_file
                0x08000cd4       0x90 ./Core/Src/main.o
                0x08000cd4                read_text_file
 .text.main     0x08000d64      0x138 ./Core/Src/main.o
                0x08000d64                main
 .text.SystemClock_Config
                0x08000e9c       0xc0 ./Core/Src/main.o
                0x08000e9c                SystemClock_Config
 .text.MX_SPI1_Init
                0x08000f5c       0x6c ./Core/Src/main.o
 .text.MX_USART2_UART_Init
                0x08000fc8       0x54 ./Core/Src/main.o
 .text.MX_DMA_Init
                0x0800101c       0x50 ./Core/Src/main.o
 .text.MX_GPIO_Init
                0x0800106c       0xbc ./Core/Src/main.o
 .text.Error_Handler
                0x08001128        0xc ./Core/Src/main.o
                0x08001128                Error_Handler
 .text.HAL_MspInit
                0x08001134       0x50 ./Core/Src/stm32f4xx_hal_msp.o
                0x08001134                HAL_MspInit
 .text.HAL_SPI_MspInit
                0x08001184       0x90 ./Core/Src/stm32f4xx_hal_msp.o
                0x08001184                HAL_SPI_MspInit
 .text.HAL_UART_MspInit
                0x08001214      0x168 ./Core/Src/stm32f4xx_hal_msp.o
                0x08001214                HAL_UART_MspInit
 .text.NMI_Handler
                0x0800137c        0x8 ./Core/Src/stm32f4xx_it.o
                0x0800137c                NMI_Handler
 .text.HardFault_Handler
                0x08001384        0x8 ./Core/Src/stm32f4xx_it.o
                0x08001384                HardFault_Handler
 .text.MemManage_Handler
                0x0800138c        0x8 ./Core/Src/stm32f4xx_it.o
                0x0800138c                MemManage_Handler
 .text.BusFault_Handler
                0x08001394        0x8 ./Core/Src/stm32f4xx_it.o
                0x08001394                BusFault_Handler
 .text.UsageFault_Handler
                0x0800139c        0x8 ./Core/Src/stm32f4xx_it.o
                0x0800139c                UsageFault_Handler
 .text.SVC_Handler
                0x080013a4        0xe ./Core/Src/stm32f4xx_it.o
                0x080013a4                SVC_Handler
 .text.DebugMon_Handler
                0x080013b2        0xe ./Core/Src/stm32f4xx_it.o
                0x080013b2                DebugMon_Handler
 .text.PendSV_Handler
                0x080013c0        0xe ./Core/Src/stm32f4xx_it.o
                0x080013c0                PendSV_Handler
 *fill*         0x080013ce        0x2 
 .text.SysTick_Handler
                0x080013d0       0x40 ./Core/Src/stm32f4xx_it.o
                0x080013d0                SysTick_Handler
 .text.DMA1_Stream5_IRQHandler
                0x08001410       0x14 ./Core/Src/stm32f4xx_it.o
                0x08001410                DMA1_Stream5_IRQHandler
 .text.DMA1_Stream6_IRQHandler
                0x08001424       0x14 ./Core/Src/stm32f4xx_it.o
                0x08001424                DMA1_Stream6_IRQHandler
 .text.USART2_IRQHandler
                0x08001438       0x14 ./Core/Src/stm32f4xx_it.o
                0x08001438                USART2_IRQHandler
 .text.SystemInit
                0x0800144c       0x24 ./Core/Src/system_stm32f4xx.o
                0x0800144c                SystemInit
 .text.Reset_Handler
                0x08001470       0x50 ./Core/Startup/startup_stm32f446retx.o
                0x08001470                Reset_Handler
 .text.Default_Handler
                0x080014c0        0x2 ./Core/Startup/startup_stm32f446retx.o
                0x080014c0                RTC_Alarm_IRQHandler
                0x080014c0                EXTI2_IRQHandler
                0x080014c0                TIM8_CC_IRQHandler
                0x080014c0                FMPI2C1_EV_IRQHandler
                0x080014c0                SPI4_IRQHandler
                0x080014c0                TIM1_CC_IRQHandler
                0x080014c0                DMA2_Stream5_IRQHandler
                0x080014c0                PVD_IRQHandler
                0x080014c0                SDIO_IRQHandler
                0x080014c0                TAMP_STAMP_IRQHandler
                0x080014c0                CAN2_RX1_IRQHandler
                0x080014c0                EXTI3_IRQHandler
                0x080014c0                TIM8_TRG_COM_TIM14_IRQHandler
                0x080014c0                TIM1_UP_TIM10_IRQHandler
                0x080014c0                TIM8_UP_TIM13_IRQHandler
                0x080014c0                I2C3_ER_IRQHandler
                0x080014c0                EXTI0_IRQHandler
                0x080014c0                I2C2_EV_IRQHandler
                0x080014c0                DMA1_Stream2_IRQHandler
                0x080014c0                CAN1_RX0_IRQHandler
                0x080014c0                FPU_IRQHandler
                0x080014c0                OTG_HS_WKUP_IRQHandler
                0x080014c0                CAN2_SCE_IRQHandler
                0x080014c0                DMA2_Stream2_IRQHandler
                0x080014c0                SPI1_IRQHandler
                0x080014c0                TIM6_DAC_IRQHandler
                0x080014c0                TIM1_BRK_TIM9_IRQHandler
                0x080014c0                DCMI_IRQHandler
                0x080014c0                CAN2_RX0_IRQHandler
                0x080014c0                DMA2_Stream3_IRQHandler
                0x080014c0                SAI2_IRQHandler
                0x080014c0                USART6_IRQHandler
                0x080014c0                USART3_IRQHandler
                0x080014c0                CAN1_RX1_IRQHandler
                0x080014c0                UART5_IRQHandler
                0x080014c0                DMA2_Stream0_IRQHandler
                0x080014c0                TIM4_IRQHandler
                0x080014c0                QUADSPI_IRQHandler
                0x080014c0                I2C1_EV_IRQHandler
                0x080014c0                DMA1_Stream1_IRQHandler
                0x080014c0                UART4_IRQHandler
                0x080014c0                TIM3_IRQHandler
                0x080014c0                RCC_IRQHandler
                0x080014c0                TIM8_BRK_TIM12_IRQHandler
                0x080014c0                Default_Handler
                0x080014c0                CEC_IRQHandler
                0x080014c0                EXTI15_10_IRQHandler
                0x080014c0                ADC_IRQHandler
                0x080014c0                DMA1_Stream7_IRQHandler
                0x080014c0                TIM7_IRQHandler
                0x080014c0                CAN2_TX_IRQHandler
                0x080014c0                TIM5_IRQHandler
                0x080014c0                DMA2_Stream7_IRQHandler
                0x080014c0                I2C3_EV_IRQHandler
                0x080014c0                EXTI9_5_IRQHandler
                0x080014c0                RTC_WKUP_IRQHandler
                0x080014c0                SPDIF_RX_IRQHandler
                0x080014c0                SPI2_IRQHandler
                0x080014c0                OTG_HS_EP1_IN_IRQHandler
                0x080014c0                DMA1_Stream0_IRQHandler
                0x080014c0                CAN1_TX_IRQHandler
                0x080014c0                FMPI2C1_ER_IRQHandler
                0x080014c0                EXTI4_IRQHandler
                0x080014c0                OTG_HS_EP1_OUT_IRQHandler
                0x080014c0                WWDG_IRQHandler
                0x080014c0                TIM2_IRQHandler
                0x080014c0                OTG_FS_WKUP_IRQHandler
                0x080014c0                TIM1_TRG_COM_TIM11_IRQHandler
                0x080014c0                OTG_HS_IRQHandler
                0x080014c0                EXTI1_IRQHandler
                0x080014c0                I2C2_ER_IRQHandler
                0x080014c0                DMA2_Stream1_IRQHandler
                0x080014c0                CAN1_SCE_IRQHandler
                0x080014c0                FLASH_IRQHandler
                0x080014c0                DMA2_Stream4_IRQHandler
                0x080014c0                USART1_IRQHandler
                0x080014c0                OTG_FS_IRQHandler
                0x080014c0                SPI3_IRQHandler
                0x080014c0                DMA1_Stream4_IRQHandler
                0x080014c0                I2C1_ER_IRQHandler
                0x080014c0                FMC_IRQHandler
                0x080014c0                DMA2_Stream6_IRQHandler
                0x080014c0                SAI1_IRQHandler
                0x080014c0                DMA1_Stream3_IRQHandler
 *fill*         0x080014c2        0x2 
 .text.HAL_Init
                0x080014c4       0x44 ./Drivers/STM32F4xx_HAL_Driver/Src/stm32f4xx_hal.o
                0x080014c4                HAL_Init
 .text.HAL_InitTick
                0x08001508       0x60 ./Drivers/STM32F4xx_HAL_Driver/Src/stm32f4xx_hal.o
                0x08001508                HAL_InitTick
 .text.HAL_IncTick
                0x08001568       0x28 ./Drivers/STM32F4xx_HAL_Driver/Src/stm32f4xx_hal.o
                0x08001568                HAL_IncTick
 .text.HAL_GetTick
                0x08001590       0x18 ./Drivers/STM32F4xx_HAL_Driver/Src/stm32f4xx_hal.o
                0x08001590                HAL_GetTick
 .text.HAL_Delay
                0x080015a8       0x48 ./Drivers/STM32F4xx_HAL_Driver/Src/stm32f4xx_hal.o
                0x080015a8                HAL_Delay
 .text.__NVIC_SetPriorityGrouping
                0x080015f0       0x48 ./Drivers/STM32F4xx_HAL_Driver/Src/stm32f4xx_hal_cortex.o
 .text.__NVIC_GetPriorityGrouping
                0x08001638       0x1c ./Drivers/STM32F4xx_HAL_Driver/Src/stm32f4xx_hal_cortex.o
 .text.__NVIC_EnableIRQ
                0x08001654       0x3c ./Drivers/STM32F4xx_HAL_Driver/Src/stm32f4xx_hal_cortex.o
 .text.__NVIC_SetPriority
                0x08001690       0x54 ./Drivers/STM32F4xx_HAL_Driver/Src/stm32f4xx_hal_cortex.o
 .text.NVIC_EncodePriority
                0x080016e4       0x66 ./Drivers/STM32F4xx_HAL_Driver/Src/stm32f4xx_hal_cortex.o
 *fill*         0x0800174a        0x2 
 .text.SysTick_Config
                0x0800174c       0x44 ./Drivers/STM32F4xx_HAL_Driver/Src/stm32f4xx_hal_cortex.o
 .text.HAL_NVIC_SetPriorityGrouping
                0x08001790       0x16 ./Drivers/STM32F4xx_HAL_Driver/Src/stm32f4xx_hal_cortex.o
                0x08001790                HAL_NVIC_SetPriorityGrouping
 .text.HAL_NVIC_SetPriority
                0x080017a6       0x38 ./Drivers/STM32F4xx_HAL_Driver/Src/stm32f4xx_hal_cortex.o
                0x080017a6                HAL_NVIC_SetPriority
 .text.HAL_NVIC_EnableIRQ
                0x080017de       0x1c ./Drivers/STM32F4xx_HAL_Driver/Src/stm32f4xx_hal_cortex.o
                0x080017de                HAL_NVIC_EnableIRQ
 .text.HAL_SYSTICK_Config
                0x080017fa       0x18 ./Drivers/STM32F4xx_HAL_Driver/Src/stm32f4xx_hal_cortex.o
                0x080017fa                HAL_SYSTICK_Config
 .text.HAL_SYSTICK_IRQHandler
                0x08001812        0xc ./Drivers/STM32F4xx_HAL_Driver/Src/stm32f4xx_hal_cortex.o
                0x08001812                HAL_SYSTICK_IRQHandler
 .text.HAL_SYSTICK_Callback
                0x0800181e        0xe ./Drivers/STM32F4xx_HAL_Driver/Src/stm32f4xx_hal_cortex.o
                0x0800181e                HAL_SYSTICK_Callback
 .text.HAL_DMA_Init
                0x0800182c      0x15c ./Drivers/STM32F4xx_HAL_Driver/Src/stm32f4xx_hal_dma.o
                0x0800182c                HAL_DMA_Init
 .text.HAL_DMA_Abort
                0x08001988       0xe0 ./Drivers/STM32F4xx_HAL_Driver/Src/stm32f4xx_hal_dma.o
                0x08001988                HAL_DMA_Abort
 .text.HAL_DMA_Abort_IT
                0x08001a68       0x44 ./Drivers/STM32F4xx_HAL_Driver/Src/stm32f4xx_hal_dma.o
                0x08001a68                HAL_DMA_Abort_IT
 .text.HAL_DMA_IRQHandler
                0x08001aac      0x314 ./Drivers/STM32F4xx_HAL_Driver/Src/stm32f4xx_hal_dma.o
                0x08001aac                HAL_DMA_IRQHandler
 .text.DMA_CalcBaseAndBitshift
                0x08001dc0       0x6c ./Drivers/STM32F4xx_HAL_Driver/Src/stm32f4xx_hal_dma.o
 .text.DMA_CheckFifoParam
                0x08001e2c       0xf8 ./Drivers/STM32F4xx_HAL_Driver/Src/stm32f4xx_hal_dma.o
 .text.HAL_GPIO_Init
                0x08001f24      0x328 ./Drivers/STM32F4xx_HAL_Driver/Src/stm32f4xx_hal_gpio.o
                0x08001f24                HAL_GPIO_Init
 .text.HAL_GPIO_WritePin
                0x0800224c       0x32 ./Drivers/STM32F4xx_HAL_Driver/Src/stm32f4xx_hal_gpio.o
                0x0800224c                HAL_GPIO_WritePin
 *fill*         0x0800227e        0x2 
 .text.HAL_RCC_ClockConfig
                0x08002280      0x1cc ./Drivers/STM32F4xx_HAL_Driver/Src/stm32f4xx_hal_rcc.o
                0x08002280                HAL_RCC_ClockConfig
 .text.HAL_RCC_GetHCLKFreq
                0x0800244c       0x18 ./Drivers/STM32F4xx_HAL_Driver/Src/stm32f4xx_hal_rcc.o
                0x0800244c                HAL_RCC_GetHCLKFreq
 .text.HAL_RCC_GetPCLK1Freq
                0x08002464       0x28 ./Drivers/STM32F4xx_HAL_Driver/Src/stm32f4xx_hal_rcc.o
                0x08002464                HAL_RCC_GetPCLK1Freq
 .text.HAL_RCC_GetPCLK2Freq
                0x0800248c       0x28 ./Drivers/STM32F4xx_HAL_Driver/Src/stm32f4xx_hal_rcc.o
                0x0800248c                HAL_RCC_GetPCLK2Freq
 .text.HAL_RCC_GetSysClockFreq
                0x080024b4      0x354 ./Drivers/STM32F4xx_HAL_Driver/Src/stm32f4xx_hal_rcc_ex.o
                0x080024b4                HAL_RCC_GetSysClockFreq
 .text.HAL_RCC_OscConfig
                0x08002808      0x53c ./Drivers/STM32F4xx_HAL_Driver/Src/stm32f4xx_hal_rcc_ex.o
                0x08002808                HAL_RCC_OscConfig
 .text.HAL_SPI_Init
                0x08002d44      0x112 ./Drivers/STM32F4xx_HAL_Driver/Src/stm32f4xx_hal_spi.o
                0x08002d44                HAL_SPI_Init
 .text.HAL_SPI_Transmit
                0x08002e56      0x288 ./Drivers/STM32F4xx_HAL_Driver/Src/stm32f4xx_hal_spi.o
                0x08002e56                HAL_SPI_Transmit
 .text.HAL_SPI_TransmitReceive
                0x080030de      0x352 ./Drivers/STM32F4xx_HAL_Driver/Src/stm32f4xx_hal_spi.o
                0x080030de                HAL_SPI_TransmitReceive
 .text.SPI_WaitFlagStateUntilTimeout
                0x08003430      0x110 ./Drivers/STM32F4xx_HAL_Driver/Src/stm32f4xx_hal_spi.o
 .text.SPI_EndRxTxTransaction
                0x08003540       0xa8 ./Drivers/STM32F4xx_HAL_Driver/Src/stm32f4xx_hal_spi.o
 .text.HAL_UART_Init
                0x080035e8       0xa0 ./Drivers/STM32F4xx_HAL_Driver/Src/stm32f4xx_hal_uart.o
                0x080035e8                HAL_UART_Init
 .text.HAL_UART_Transmit
                0x08003688      0x116 ./Drivers/STM32F4xx_HAL_Driver/Src/stm32f4xx_hal_uart.o
                0x08003688                HAL_UART_Transmit
 .text.HAL_UART_Receive
                0x0800379e      0x12e ./Drivers/STM32F4xx_HAL_Driver/Src/stm32f4xx_hal_uart.o
                0x0800379e                HAL_UART_Receive
 .text.HAL_UART_IRQHandler
                0x080038cc      0x524 ./Drivers/STM32F4xx_HAL_Driver/Src/stm32f4xx_hal_uart.o
                0x080038cc                HAL_UART_IRQHandler
 .text.HAL_UART_TxCpltCallback
                0x08003df0       0x14 ./Drivers/STM32F4xx_HAL_Driver/Src/stm32f4xx_hal_uart.o
                0x08003df0                HAL_UART_TxCpltCallback
 .text.HAL_UART_RxCpltCallback
                0x08003e04       0x14 ./Drivers/STM32F4xx_HAL_Driver/Src/stm32f4xx_hal_uart.o
                0x08003e04                HAL_UART_RxCpltCallback
 .text.HAL_UART_ErrorCallback
                0x08003e18       0x14 ./Drivers/STM32F4xx_HAL_Driver/Src/stm32f4xx_hal_uart.o
                0x08003e18                HAL_UART_ErrorCallback
 .text.HAL_UARTEx_RxEventCallback
                0x08003e2c       0x18 ./Drivers/STM32F4xx_HAL_Driver/Src/stm32f4xx_hal_uart.o
                0x08003e2c                HAL_UARTEx_RxEventCallback
 .text.UART_WaitOnFlagUntilTimeout
                0x08003e44       0xb2 ./Drivers/STM32F4xx_HAL_Driver/Src/stm32f4xx_hal_uart.o
 .text.UART_EndRxTransfer
                0x08003ef6       0xc6 ./Drivers/STM32F4xx_HAL_Driver/Src/stm32f4xx_hal_uart.o
 .text.UART_DMAAbortOnError
                0x08003fbc       0x28 ./Drivers/STM32F4xx_HAL_Driver/Src/stm32f4xx_hal_uart.o
 .text.UART_Transmit_IT
                0x08003fe4       0xa0 ./Drivers/STM32F4xx_HAL_Driver/Src/stm32f4xx_hal_uart.o
 .text.UART_EndTransmit_IT
                0x08004084       0x30 ./Drivers/STM32F4xx_HAL_Driver/Src/stm32f4xx_hal_uart.o
 .text.UART_Receive_IT
                0x080040b4      0x17c ./Drivers/STM32F4xx_HAL_Driver/Src/stm32f4xx_hal_uart.o
 .text.UART_SetConfig
                0x08004230      0x4e8 ./Drivers/STM32F4xx_HAL_Driver/Src/stm32f4xx_hal_uart.o
 .text.MX_FATFS_Init
                0x08004718       0x24 ./FATFS/App/fatfs.o
                0x08004718                MX_FATFS_Init
 .text.get_fattime
                0x0800473c       0x10 ./FATFS/App/fatfs.o
                0x0800473c                get_fattime
 .text.USER_initialize
                0x0800474c       0x1c ./FATFS/Target/user_diskio.o
                0x0800474c                USER_initialize
 .text.USER_status
                0x08004768       0x1c ./FATFS/Target/user_diskio.o
                0x08004768                USER_status
 .text.USER_read
                0x08004784       0x26 ./FATFS/Target/user_diskio.o
                0x08004784                USER_read
 .text.USER_write
                0x080047aa       0x26 ./FATFS/Target/user_diskio.o
                0x080047aa                USER_write
 .text.USER_ioctl
                0x080047d0       0x1e ./FATFS/Target/user_diskio.o
                0x080047d0                USER_ioctl
 *fill*         0x080047ee        0x2 
 .text.disk_status
                0x080047f0       0x34 ./Middlewares/Third_Party/FatFs/src/diskio.o
                0x080047f0                disk_status
 .text.disk_initialize
                0x08004824       0x50 ./Middlewares/Third_Party/FatFs/src/diskio.o
                0x08004824                disk_initialize
 .text.disk_read
                0x08004874       0x40 ./Middlewares/Third_Party/FatFs/src/diskio.o
                0x08004874                disk_read
 .text.disk_write
                0x080048b4       0x40 ./Middlewares/Third_Party/FatFs/src/diskio.o
                0x080048b4                disk_write
 .text.disk_ioctl
                0x080048f4       0x3c ./Middlewares/Third_Party/FatFs/src/diskio.o
                0x080048f4                disk_ioctl
 .text.ld_word  0x08004930       0x32 ./Middlewares/Third_Party/FatFs/src/ff.o
 .text.ld_dword
                0x08004962       0x46 ./Middlewares/Third_Party/FatFs/src/ff.o
 .text.st_word  0x080049a8       0x36 ./Middlewares/Third_Party/FatFs/src/ff.o
 .text.st_dword
                0x080049de       0x58 ./Middlewares/Third_Party/FatFs/src/ff.o
 .text.mem_cpy  0x08004a36       0x42 ./Middlewares/Third_Party/FatFs/src/ff.o
 .text.mem_set  0x08004a78       0x36 ./Middlewares/Third_Party/FatFs/src/ff.o
 .text.mem_cmp  0x08004aae       0x4e ./Middlewares/Third_Party/FatFs/src/ff.o
 .text.chk_chr  0x08004afc       0x36 ./Middlewares/Third_Party/FatFs/src/ff.o
 *fill*         0x08004b32        0x2 
 .text.chk_lock
                0x08004b34       0xb8 ./Middlewares/Third_Party/FatFs/src/ff.o
 .text.enq_lock
                0x08004bec       0x44 ./Middlewares/Third_Party/FatFs/src/ff.o
 .text.inc_lock
                0x08004c30      0x11c ./Middlewares/Third_Party/FatFs/src/ff.o
 .text.dec_lock
                0x08004d4c       0x78 ./Middlewares/Third_Party/FatFs/src/ff.o
 .text.clear_lock
                0x08004dc4       0x48 ./Middlewares/Third_Party/FatFs/src/ff.o
 .text.sync_window
                0x08004e0c       0x88 ./Middlewares/Third_Party/FatFs/src/ff.o
 .text.move_window
                0x08004e94       0x5a ./Middlewares/Third_Party/FatFs/src/ff.o
 *fill*         0x08004eee        0x2 
 .text.sync_fs  0x08004ef0       0xe0 ./Middlewares/Third_Party/FatFs/src/ff.o
 .text.clust2sect
                0x08004fd0       0x3e ./Middlewares/Third_Party/FatFs/src/ff.o
 .text.get_fat  0x0800500e      0x1a6 ./Middlewares/Third_Party/FatFs/src/ff.o
 .text.put_fat  0x080051b4      0x234 ./Middlewares/Third_Party/FatFs/src/ff.o
 .text.remove_chain
                0x080053e8       0xca ./Middlewares/Third_Party/FatFs/src/ff.o
 .text.create_chain
                0x080054b2      0x130 ./Middlewares/Third_Party/FatFs/src/ff.o
 .text.clmt_clust
                0x080055e2       0x70 ./Middlewares/Third_Party/FatFs/src/ff.o
 .text.dir_sdi  0x08005652      0x112 ./Middlewares/Third_Party/FatFs/src/ff.o
 .text.dir_next
                0x08005764      0x1ac ./Middlewares/Third_Party/FatFs/src/ff.o
 .text.dir_alloc
                0x08005910       0x8e ./Middlewares/Third_Party/FatFs/src/ff.o
 .text.ld_clust
                0x0800599e       0x3e ./Middlewares/Third_Party/FatFs/src/ff.o
 .text.st_clust
                0x080059dc       0x40 ./Middlewares/Third_Party/FatFs/src/ff.o
 .text.cmp_lfn  0x08005a1c       0xe0 ./Middlewares/Third_Party/FatFs/src/ff.o
 .text.put_lfn  0x08005afc       0xd0 ./Middlewares/Third_Party/FatFs/src/ff.o
 .text.gen_numname
                0x08005bcc      0x11c ./Middlewares/Third_Party/FatFs/src/ff.o
 .text.sum_sfn  0x08005ce8       0x42 ./Middlewares/Third_Party/FatFs/src/ff.o
 .text.dir_find
                0x08005d2a      0x180 ./Middlewares/Third_Party/FatFs/src/ff.o
 *fill*         0x08005eaa        0x2 
 .text.dir_register
                0x08005eac      0x1f0 ./Middlewares/Third_Party/FatFs/src/ff.o
 .text.create_name
                0x0800609c      0x370 ./Middlewares/Third_Party/FatFs/src/ff.o
 .text.follow_path
                0x0800640c       0xec ./Middlewares/Third_Party/FatFs/src/ff.o
 .text.get_ldnumber
                0x080064f8       0x88 ./Middlewares/Third_Party/FatFs/src/ff.o
 .text.check_fs
                0x08006580       0xac ./Middlewares/Third_Party/FatFs/src/ff.o
 .text.find_volume
                0x0800662c      0x50c ./Middlewares/Third_Party/FatFs/src/ff.o
 .text.validate
                0x08006b38       0x6a ./Middlewares/Third_Party/FatFs/src/ff.o
 *fill*         0x08006ba2        0x2 
 .text.f_mount  0x08006ba4       0x8c ./Middlewares/Third_Party/FatFs/src/ff.o
                0x08006ba4                f_mount
 .text.f_open   0x08006c30      0x390 ./Middlewares/Third_Party/FatFs/src/ff.o
                0x08006c30                f_open
 .text.f_read   0x08006fc0      0x2be ./Middlewares/Third_Party/FatFs/src/ff.o
                0x08006fc0                f_read
 .text.f_sync   0x0800727e       0xfc ./Middlewares/Third_Party/FatFs/src/ff.o
                0x0800727e                f_sync
 .text.f_close  0x0800737a       0x54 ./Middlewares/Third_Party/FatFs/src/ff.o
                0x0800737a                f_close
 .text.f_gets   0x080073ce       0x7c ./Middlewares/Third_Party/FatFs/src/ff.o
                0x080073ce                f_gets
 *fill*         0x0800744a        0x2 
 .text.FATFS_LinkDriverEx
                0x0800744c       0x98 ./Middlewares/Third_Party/FatFs/src/ff_gen_drv.o
                0x0800744c                FATFS_LinkDriverEx
 .text.FATFS_LinkDriver
                0x080074e4       0x1e ./Middlewares/Third_Party/FatFs/src/ff_gen_drv.o
                0x080074e4                FATFS_LinkDriver
 *fill*         0x08007502        0x2 
 .text.ff_convert
                0x08007504       0x78 ./Middlewares/Third_Party/FatFs/src/option/ccsbcs.o
                0x08007504                ff_convert
 .text.ff_wtoupper
                0x0800757c      0x114 ./Middlewares/Third_Party/FatFs/src/option/ccsbcs.o
                0x0800757c                ff_wtoupper
 .text.memset   0x08007690       0x10 C:/ST/STM32CubeIDE_1.18.0/STM32CubeIDE/plugins/com.st.stm32cube.ide.mcu.externaltools.gnu-tools-for-stm32.13.3.rel1.win32_1.0.0.202411081344/tools/bin/../lib/gcc/arm-none-eabi/13.3.1/../../../../arm-none-eabi/lib/thumb/v7e-m+fp/hard\libc_nano.a(libc_a-memset.o)
                0x08007690                memset
 .text.__libc_init_array
                0x080076a0       0x48 C:/ST/STM32CubeIDE_1.18.0/STM32CubeIDE/plugins/com.st.stm32cube.ide.mcu.externaltools.gnu-tools-for-stm32.13.3.rel1.win32_1.0.0.202411081344/tools/bin/../lib/gcc/arm-none-eabi/13.3.1/../../../../arm-none-eabi/lib/thumb/v7e-m+fp/hard\libc_nano.a(libc_a-init.o)
                0x080076a0                __libc_init_array
 *(.glue_7)
 .glue_7        0x080076e8        0x0 linker stubs
 *(.glue_7t)
 .glue_7t       0x080076e8        0x0 linker stubs
 *(.eh_frame)
 .eh_frame      0x080076e8        0x0 C:/ST/STM32CubeIDE_1.18.0/STM32CubeIDE/plugins/com.st.stm32cube.ide.mcu.externaltools.gnu-tools-for-stm32.13.3.rel1.win32_1.0.0.202411081344/tools/bin/../lib/gcc/arm-none-eabi/13.3.1/thumb/v7e-m+fp/hard/crtbegin.o
 *(.init)
 .init          0x080076e8        0x4 C:/ST/STM32CubeIDE_1.18.0/STM32CubeIDE/plugins/com.st.stm32cube.ide.mcu.externaltools.gnu-tools-for-stm32.13.3.rel1.win32_1.0.0.202411081344/tools/bin/../lib/gcc/arm-none-eabi/13.3.1/thumb/v7e-m+fp/hard/crti.o
                0x080076e8                _init
 .init          0x080076ec        0x8 C:/ST/STM32CubeIDE_1.18.0/STM32CubeIDE/plugins/com.st.stm32cube.ide.mcu.externaltools.gnu-tools-for-stm32.13.3.rel1.win32_1.0.0.202411081344/tools/bin/../lib/gcc/arm-none-eabi/13.3.1/thumb/v7e-m+fp/hard/crtn.o
 *(.fini)
 .fini          0x080076f4        0x4 C:/ST/STM32CubeIDE_1.18.0/STM32CubeIDE/plugins/com.st.stm32cube.ide.mcu.externaltools.gnu-tools-for-stm32.13.3.rel1.win32_1.0.0.202411081344/tools/bin/../lib/gcc/arm-none-eabi/13.3.1/thumb/v7e-m+fp/hard/crti.o
                0x080076f4                _fini
 .fini          0x080076f8        0x8 C:/ST/STM32CubeIDE_1.18.0/STM32CubeIDE/plugins/com.st.stm32cube.ide.mcu.externaltools.gnu-tools-for-stm32.13.3.rel1.win32_1.0.0.202411081344/tools/bin/../lib/gcc/arm-none-eabi/13.3.1/thumb/v7e-m+fp/hard/crtn.o
                0x08007700                        . = ALIGN (0x4)
                0x08007700                        _etext = .

.vfp11_veneer   0x08007700        0x0
 .vfp11_veneer  0x08007700        0x0 linker stubs

.v4_bx          0x08007700        0x0
 .v4_bx         0x08007700        0x0 linker stubs

.iplt           0x08007700        0x0
 .iplt          0x08007700        0x0 C:/ST/STM32CubeIDE_1.18.0/STM32CubeIDE/plugins/com.st.stm32cube.ide.mcu.externaltools.gnu-tools-for-stm32.13.3.rel1.win32_1.0.0.202411081344/tools/bin/../lib/gcc/arm-none-eabi/13.3.1/thumb/v7e-m+fp/hard/crtbegin.o

.rodata         0x08007700      0x684
                0x08007700                        . = ALIGN (0x4)
 *(.rodata)
 .rodata        0x08007700      0x1dc ./Core/Src/main.o
 .rodata        0x080078dc       0x48 ./Middlewares/Third_Party/FatFs/src/ff.o
 *(.rodata*)
 .rodata.AHBPrescTable
                0x08007924       0x10 ./Core/Src/system_stm32f4xx.o
                0x08007924                AHBPrescTable
 .rodata.APBPrescTable
                0x08007934        0x8 ./Core/Src/system_stm32f4xx.o
                0x08007934                APBPrescTable
 .rodata.flagBitshiftOffset.0
                0x0800793c        0x8 ./Drivers/STM32F4xx_HAL_Driver/Src/stm32f4xx_hal_dma.o
 .rodata.ExCvt  0x08007944       0x80 ./Middlewares/Third_Party/FatFs/src/ff.o
 .rodata.LfnOfs
                0x080079c4        0xd ./Middlewares/Third_Party/FatFs/src/ff.o
 *fill*         0x080079d1        0x3 
 .rodata.Tbl    0x080079d4      0x100 ./Middlewares/Third_Party/FatFs/src/option/ccsbcs.o
 .rodata.cvt1.1
                0x08007ad4      0x1f2 ./Middlewares/Third_Party/FatFs/src/option/ccsbcs.o
 *fill*         0x08007cc6        0x2 
 .rodata.cvt2.0
                0x08007cc8       0xbc ./Middlewares/Third_Party/FatFs/src/option/ccsbcs.o
                0x08007d84                        . = ALIGN (0x4)

.ARM.extab      0x08007d84        0x0
                0x08007d84                        . = ALIGN (0x4)
 *(.ARM.extab* .gnu.linkonce.armextab.*)
                0x08007d84                        . = ALIGN (0x4)

.ARM            0x08007d84        0x8
                0x08007d84                        . = ALIGN (0x4)
                0x08007d84                        __exidx_start = .
 *(.ARM.exidx*)
 .ARM.exidx     0x08007d84        0x8 C:/ST/STM32CubeIDE_1.18.0/STM32CubeIDE/plugins/com.st.stm32cube.ide.mcu.externaltools.gnu-tools-for-stm32.13.3.rel1.win32_1.0.0.202411081344/tools/bin/../lib/gcc/arm-none-eabi/13.3.1/../../../../arm-none-eabi/lib/thumb/v7e-m+fp/hard\libc_nano.a(libc_a-strlen.o)
 .ARM.exidx     0x08007d8c        0x0 C:/ST/STM32CubeIDE_1.18.0/STM32CubeIDE/plugins/com.st.stm32cube.ide.mcu.externaltools.gnu-tools-for-stm32.13.3.rel1.win32_1.0.0.202411081344/tools/bin/../lib/gcc/arm-none-eabi/13.3.1/thumb/v7e-m+fp/hard\libgcc.a(_udivmoddi4.o)
                                  0x8 (size before relaxing)
                0x08007d8c                        __exidx_end = .
                0x08007d8c                        . = ALIGN (0x4)

.preinit_array  0x08007d8c        0x0
                0x08007d8c                        . = ALIGN (0x4)
                0x08007d8c                        PROVIDE (__preinit_array_start = .)
 *(.preinit_array*)
                0x08007d8c                        PROVIDE (__preinit_array_end = .)
                0x08007d8c                        . = ALIGN (0x4)

.init_array     0x08007d8c        0x4
                0x08007d8c                        . = ALIGN (0x4)
                0x08007d8c                        PROVIDE (__init_array_start = .)
 *(SORT_BY_NAME(.init_array.*))
 *(.init_array*)
 .init_array    0x08007d8c        0x4 C:/ST/STM32CubeIDE_1.18.0/STM32CubeIDE/plugins/com.st.stm32cube.ide.mcu.externaltools.gnu-tools-for-stm32.13.3.rel1.win32_1.0.0.202411081344/tools/bin/../lib/gcc/arm-none-eabi/13.3.1/thumb/v7e-m+fp/hard/crtbegin.o
                0x08007d90                        PROVIDE (__init_array_end = .)
                0x08007d90                        . = ALIGN (0x4)

.fini_array     0x08007d90        0x4
                0x08007d90                        . = ALIGN (0x4)
                [!provide]                        PROVIDE (__fini_array_start = .)
 *(SORT_BY_NAME(.fini_array.*))
 *(.fini_array*)
 .fini_array    0x08007d90        0x4 C:/ST/STM32CubeIDE_1.18.0/STM32CubeIDE/plugins/com.st.stm32cube.ide.mcu.externaltools.gnu-tools-for-stm32.13.3.rel1.win32_1.0.0.202411081344/tools/bin/../lib/gcc/arm-none-eabi/13.3.1/thumb/v7e-m+fp/hard/crtbegin.o
                [!provide]                        PROVIDE (__fini_array_end = .)
                0x08007d94                        . = ALIGN (0x4)
                0x08007d94                        _sidata = LOADADDR (.data)

.rel.dyn        0x08007d94        0x0
 .rel.iplt      0x08007d94        0x0 C:/ST/STM32CubeIDE_1.18.0/STM32CubeIDE/plugins/com.st.stm32cube.ide.mcu.externaltools.gnu-tools-for-stm32.13.3.rel1.win32_1.0.0.202411081344/tools/bin/../lib/gcc/arm-none-eabi/13.3.1/thumb/v7e-m+fp/hard/crtbegin.o

.data           0x20000000       0x24 load address 0x08007d94
                0x20000000                        . = ALIGN (0x4)
                0x20000000                        _sdata = .
 *(.data)
 *(.data*)
 .data.Stat     0x20000000        0x1 ./Core/Src/fatfs_sd.o
 *fill*         0x20000001        0x3 
 .data.SystemCoreClock
                0x20000004        0x4 ./Core/Src/system_stm32f4xx.o
                0x20000004                SystemCoreClock
 .data.uwTickPrio
                0x20000008        0x4 ./Drivers/STM32F4xx_HAL_Driver/Src/stm32f4xx_hal.o
                0x20000008                uwTickPrio
 .data.uwTickFreq
                0x2000000c        0x1 ./Drivers/STM32F4xx_HAL_Driver/Src/stm32f4xx_hal.o
                0x2000000c                uwTickFreq
 *fill*         0x2000000d        0x3 
 .data.USER_Driver
                0x20000010       0x14 ./FATFS/Target/user_diskio.o
                0x20000010                USER_Driver
 *(.RamFunc)
 *(.RamFunc*)
                0x20000024                        . = ALIGN (0x4)
                0x20000024                        _edata = .

.igot.plt       0x20000024        0x0 load address 0x08007db8
 .igot.plt      0x20000024        0x0 C:/ST/STM32CubeIDE_1.18.0/STM32CubeIDE/plugins/com.st.stm32cube.ide.mcu.externaltools.gnu-tools-for-stm32.13.3.rel1.win32_1.0.0.202411081344/tools/bin/../lib/gcc/arm-none-eabi/13.3.1/thumb/v7e-m+fp/hard/crtbegin.o
                0x20000024                        . = ALIGN (0x4)

.bss            0x20000024     0x2498 load address 0x08007db8
                0x20000024                        _sbss = .
                0x20000024                        __bss_start__ = _sbss
 *(.bss)
 .bss           0x20000024       0x1c C:/ST/STM32CubeIDE_1.18.0/STM32CubeIDE/plugins/com.st.stm32cube.ide.mcu.externaltools.gnu-tools-for-stm32.13.3.rel1.win32_1.0.0.202411081344/tools/bin/../lib/gcc/arm-none-eabi/13.3.1/thumb/v7e-m+fp/hard/crtbegin.o
 *(.bss*)
 .bss.Timer1    0x20000040        0x2 ./Core/Src/fatfs_sd.o
                0x20000040                Timer1
 .bss.Timer2    0x20000042        0x2 ./Core/Src/fatfs_sd.o
                0x20000042                Timer2
 .bss.CardType  0x20000044        0x1 ./Core/Src/fatfs_sd.o
 .bss.PowerFlag
                0x20000045        0x1 ./Core/Src/fatfs_sd.o
 *fill*         0x20000046        0x2 
 .bss.hspi1     0x20000048       0x58 ./Core/Src/main.o
                0x20000048                hspi1
 .bss.fs        0x200000a0     0x1038 ./Core/Src/main.o
                0x200000a0                fs
 .bss.fil       0x200010d8     0x1030 ./Core/Src/main.o
                0x200010d8                fil
 .bss.fres      0x20002108        0x1 ./Core/Src/main.o
                0x20002108                fres
 *fill*         0x20002109        0x3 
 .bss.buffer    0x2000210c       0x64 ./Core/Src/main.o
                0x2000210c                buffer
 .bss.huart2    0x20002170       0x48 ./Core/Src/main.o
                0x20002170                huart2
 .bss.hdma_usart2_rx
                0x200021b8       0x60 ./Core/Src/main.o
                0x200021b8                hdma_usart2_rx
 .bss.hdma_usart2_tx
                0x20002218       0x60 ./Core/Src/main.o
                0x20002218                hdma_usart2_tx
 .bss.received  0x20002278        0x1 ./Core/Src/main.o
                0x20002278                received
 .bss.salida    0x20002279        0x1 ./Core/Src/main.o
                0x20002279                salida
 *fill*         0x2000227a        0x2 
 .bss.uwTick    0x2000227c        0x4 ./Drivers/STM32F4xx_HAL_Driver/Src/stm32f4xx_hal.o
                0x2000227c                uwTick
 .bss.retUSER   0x20002280        0x1 ./FATFS/App/fatfs.o
                0x20002280                retUSER
 *fill*         0x20002281        0x3 
 .bss.USERPath  0x20002284        0x4 ./FATFS/App/fatfs.o
                0x20002284                USERPath
 .bss.FatFs     0x20002288        0x4 ./Middlewares/Third_Party/FatFs/src/ff.o
 .bss.Fsid      0x2000228c        0x2 ./Middlewares/Third_Party/FatFs/src/ff.o
 *fill*         0x2000228e        0x2 
 .bss.Files     0x20002290       0x20 ./Middlewares/Third_Party/FatFs/src/ff.o
 .bss.LfnBuf    0x200022b0      0x200 ./Middlewares/Third_Party/FatFs/src/ff.o
 .bss.disk      0x200024b0        0xc ./Middlewares/Third_Party/FatFs/src/ff_gen_drv.o
                0x200024b0                disk
 *(COMMON)
                0x200024bc                        . = ALIGN (0x4)
                0x200024bc                        _ebss = .
                0x200024bc                        __bss_end__ = _ebss

._user_heap_stack
                0x200024bc      0x604 load address 0x08007db8
                0x200024c0                        . = ALIGN (0x8)
 *fill*         0x200024bc        0x4 
                [!provide]                        PROVIDE (end = .)
                0x200024c0                        PROVIDE (_end = .)
                0x200026c0                        . = (. + _Min_Heap_Size)
 *fill*         0x200024c0      0x200 
                0x20002ac0                        . = (. + _Min_Stack_Size)
 *fill*         0x200026c0      0x400 
                0x20002ac0                        . = ALIGN (0x8)

/DISCARD/
 libc.a(*)
 libm.a(*)
 libgcc.a(*)

.ARM.attributes
                0x00000000       0x30
 *(.ARM.attributes)
 .ARM.attributes
                0x00000000       0x22 C:/ST/STM32CubeIDE_1.18.0/STM32CubeIDE/plugins/com.st.stm32cube.ide.mcu.externaltools.gnu-tools-for-stm32.13.3.rel1.win32_1.0.0.202411081344/tools/bin/../lib/gcc/arm-none-eabi/13.3.1/thumb/v7e-m+fp/hard/crti.o
 .ARM.attributes
                0x00000022       0x34 C:/ST/STM32CubeIDE_1.18.0/STM32CubeIDE/plugins/com.st.stm32cube.ide.mcu.externaltools.gnu-tools-for-stm32.13.3.rel1.win32_1.0.0.202411081344/tools/bin/../lib/gcc/arm-none-eabi/13.3.1/thumb/v7e-m+fp/hard/crtbegin.o
 .ARM.attributes
                0x00000056       0x34 ./Core/Src/fatfs_sd.o
 .ARM.attributes
                0x0000008a       0x34 ./Core/Src/main.o
 .ARM.attributes
                0x000000be       0x34 ./Core/Src/stm32f4xx_hal_msp.o
 .ARM.attributes
                0x000000f2       0x34 ./Core/Src/stm32f4xx_it.o
 .ARM.attributes
                0x00000126       0x34 ./Core/Src/system_stm32f4xx.o
 .ARM.attributes
                0x0000015a       0x21 ./Core/Startup/startup_stm32f446retx.o
 .ARM.attributes
                0x0000017b       0x34 ./Drivers/STM32F4xx_HAL_Driver/Src/stm32f4xx_hal.o
 .ARM.attributes
                0x000001af       0x34 ./Drivers/STM32F4xx_HAL_Driver/Src/stm32f4xx_hal_cortex.o
 .ARM.attributes
                0x000001e3       0x34 ./Drivers/STM32F4xx_HAL_Driver/Src/stm32f4xx_hal_dma.o
 .ARM.attributes
                0x00000217       0x34 ./Drivers/STM32F4xx_HAL_Driver/Src/stm32f4xx_hal_gpio.o
 .ARM.attributes
                0x0000024b       0x34 ./Drivers/STM32F4xx_HAL_Driver/Src/stm32f4xx_hal_rcc.o
 .ARM.attributes
                0x0000027f       0x34 ./Drivers/STM32F4xx_HAL_Driver/Src/stm32f4xx_hal_rcc_ex.o
 .ARM.attributes
                0x000002b3       0x34 ./Drivers/STM32F4xx_HAL_Driver/Src/stm32f4xx_hal_spi.o
 .ARM.attributes
                0x000002e7       0x34 ./Drivers/STM32F4xx_HAL_Driver/Src/stm32f4xx_hal_uart.o
 .ARM.attributes
                0x0000031b       0x34 ./FATFS/App/fatfs.o
 .ARM.attributes
                0x0000034f       0x34 ./FATFS/Target/user_diskio.o
 .ARM.attributes
                0x00000383       0x34 ./Middlewares/Third_Party/FatFs/src/diskio.o
 .ARM.attributes
                0x000003b7       0x34 ./Middlewares/Third_Party/FatFs/src/ff.o
 .ARM.attributes
                0x000003eb       0x34 ./Middlewares/Third_Party/FatFs/src/ff_gen_drv.o
 .ARM.attributes
                0x0000041f       0x34 ./Middlewares/Third_Party/FatFs/src/option/ccsbcs.o
 .ARM.attributes
                0x00000453       0x34 C:/ST/STM32CubeIDE_1.18.0/STM32CubeIDE/plugins/com.st.stm32cube.ide.mcu.externaltools.gnu-tools-for-stm32.13.3.rel1.win32_1.0.0.202411081344/tools/bin/../lib/gcc/arm-none-eabi/13.3.1/../../../../arm-none-eabi/lib/thumb/v7e-m+fp/hard\libc_nano.a(libc_a-memset.o)
 .ARM.attributes
                0x00000487       0x34 C:/ST/STM32CubeIDE_1.18.0/STM32CubeIDE/plugins/com.st.stm32cube.ide.mcu.externaltools.gnu-tools-for-stm32.13.3.rel1.win32_1.0.0.202411081344/tools/bin/../lib/gcc/arm-none-eabi/13.3.1/../../../../arm-none-eabi/lib/thumb/v7e-m+fp/hard\libc_nano.a(libc_a-init.o)
 .ARM.attributes
                0x000004bb       0x17 C:/ST/STM32CubeIDE_1.18.0/STM32CubeIDE/plugins/com.st.stm32cube.ide.mcu.externaltools.gnu-tools-for-stm32.13.3.rel1.win32_1.0.0.202411081344/tools/bin/../lib/gcc/arm-none-eabi/13.3.1/../../../../arm-none-eabi/lib/thumb/v7e-m+fp/hard\libc_nano.a(libc_a-strlen.o)
 .ARM.attributes
                0x000004d2       0x22 C:/ST/STM32CubeIDE_1.18.0/STM32CubeIDE/plugins/com.st.stm32cube.ide.mcu.externaltools.gnu-tools-for-stm32.13.3.rel1.win32_1.0.0.202411081344/tools/bin/../lib/gcc/arm-none-eabi/13.3.1/thumb/v7e-m+fp/hard\libgcc.a(_aeabi_uldivmod.o)
 .ARM.attributes
                0x000004f4       0x34 C:/ST/STM32CubeIDE_1.18.0/STM32CubeIDE/plugins/com.st.stm32cube.ide.mcu.externaltools.gnu-tools-for-stm32.13.3.rel1.win32_1.0.0.202411081344/tools/bin/../lib/gcc/arm-none-eabi/13.3.1/thumb/v7e-m+fp/hard\libgcc.a(_udivmoddi4.o)
 .ARM.attributes
                0x00000528       0x22 C:/ST/STM32CubeIDE_1.18.0/STM32CubeIDE/plugins/com.st.stm32cube.ide.mcu.externaltools.gnu-tools-for-stm32.13.3.rel1.win32_1.0.0.202411081344/tools/bin/../lib/gcc/arm-none-eabi/13.3.1/thumb/v7e-m+fp/hard\libgcc.a(_dvmd_tls.o)
 .ARM.attributes
                0x0000054a       0x22 C:/ST/STM32CubeIDE_1.18.0/STM32CubeIDE/plugins/com.st.stm32cube.ide.mcu.externaltools.gnu-tools-for-stm32.13.3.rel1.win32_1.0.0.202411081344/tools/bin/../lib/gcc/arm-none-eabi/13.3.1/thumb/v7e-m+fp/hard/crtn.o
OUTPUT(Lab7.elf elf32-littlearm)
LOAD linker stubs
LOAD C:/ST/STM32CubeIDE_1.18.0/STM32CubeIDE/plugins/com.st.stm32cube.ide.mcu.externaltools.gnu-tools-for-stm32.13.3.rel1.win32_1.0.0.202411081344/tools/bin/../lib/gcc/arm-none-eabi/13.3.1/../../../../arm-none-eabi/lib/thumb/v7e-m+fp/hard\libc.a
LOAD C:/ST/STM32CubeIDE_1.18.0/STM32CubeIDE/plugins/com.st.stm32cube.ide.mcu.externaltools.gnu-tools-for-stm32.13.3.rel1.win32_1.0.0.202411081344/tools/bin/../lib/gcc/arm-none-eabi/13.3.1/../../../../arm-none-eabi/lib/thumb/v7e-m+fp/hard\libm.a
LOAD C:/ST/STM32CubeIDE_1.18.0/STM32CubeIDE/plugins/com.st.stm32cube.ide.mcu.externaltools.gnu-tools-for-stm32.13.3.rel1.win32_1.0.0.202411081344/tools/bin/../lib/gcc/arm-none-eabi/13.3.1/thumb/v7e-m+fp/hard\libgcc.a

.debug_info     0x00000000     0xf3ba
 .debug_info    0x00000000      0xc35 ./Core/Src/fatfs_sd.o
 .debug_info    0x00000c35     0x16c4 ./Core/Src/main.o
 .debug_info    0x000022f9      0xf0e ./Core/Src/stm32f4xx_hal_msp.o
 .debug_info    0x00003207      0x6a0 ./Core/Src/stm32f4xx_it.o
 .debug_info    0x000038a7      0x54a ./Core/Src/system_stm32f4xx.o
 .debug_info    0x00003df1       0x30 ./Core/Startup/startup_stm32f446retx.o
 .debug_info    0x00003e21      0x99a ./Drivers/STM32F4xx_HAL_Driver/Src/stm32f4xx_hal.o
 .debug_info    0x000047bb      0xdaa ./Drivers/STM32F4xx_HAL_Driver/Src/stm32f4xx_hal_cortex.o
 .debug_info    0x00005565      0x8e7 ./Drivers/STM32F4xx_HAL_Driver/Src/stm32f4xx_hal_dma.o
 .debug_info    0x00005e4c      0x70b ./Drivers/STM32F4xx_HAL_Driver/Src/stm32f4xx_hal_gpio.o
 .debug_info    0x00006557      0x8eb ./Drivers/STM32F4xx_HAL_Driver/Src/stm32f4xx_hal_rcc.o
 .debug_info    0x00006e42      0x956 ./Drivers/STM32F4xx_HAL_Driver/Src/stm32f4xx_hal_rcc_ex.o
 .debug_info    0x00007798     0x1525 ./Drivers/STM32F4xx_HAL_Driver/Src/stm32f4xx_hal_spi.o
 .debug_info    0x00008cbd     0x2f4f ./Drivers/STM32F4xx_HAL_Driver/Src/stm32f4xx_hal_uart.o
 .debug_info    0x0000bc0c      0x508 ./FATFS/App/fatfs.o
 .debug_info    0x0000c114      0x3a0 ./FATFS/Target/user_diskio.o
 .debug_info    0x0000c4b4      0x3df ./Middlewares/Third_Party/FatFs/src/diskio.o
 .debug_info    0x0000c893     0x25ef ./Middlewares/Third_Party/FatFs/src/ff.o
 .debug_info    0x0000ee82      0x37f ./Middlewares/Third_Party/FatFs/src/ff_gen_drv.o
 .debug_info    0x0000f201      0x1b9 ./Middlewares/Third_Party/FatFs/src/option/ccsbcs.o

.debug_abbrev   0x00000000     0x2811
 .debug_abbrev  0x00000000      0x2ee ./Core/Src/fatfs_sd.o
 .debug_abbrev  0x000002ee      0x33f ./Core/Src/main.o
 .debug_abbrev  0x0000062d      0x20e ./Core/Src/stm32f4xx_hal_msp.o
 .debug_abbrev  0x0000083b      0x189 ./Core/Src/stm32f4xx_it.o
 .debug_abbrev  0x000009c4      0x11a ./Core/Src/system_stm32f4xx.o
 .debug_abbrev  0x00000ade       0x24 ./Core/Startup/startup_stm32f446retx.o
 .debug_abbrev  0x00000b02      0x214 ./Drivers/STM32F4xx_HAL_Driver/Src/stm32f4xx_hal.o
 .debug_abbrev  0x00000d16      0x31d ./Drivers/STM32F4xx_HAL_Driver/Src/stm32f4xx_hal_cortex.o
 .debug_abbrev  0x00001033      0x264 ./Drivers/STM32F4xx_HAL_Driver/Src/stm32f4xx_hal_dma.o
 .debug_abbrev  0x00001297      0x1d4 ./Drivers/STM32F4xx_HAL_Driver/Src/stm32f4xx_hal_gpio.o
 .debug_abbrev  0x0000146b      0x2b7 ./Drivers/STM32F4xx_HAL_Driver/Src/stm32f4xx_hal_rcc.o
 .debug_abbrev  0x00001722      0x20a ./Drivers/STM32F4xx_HAL_Driver/Src/stm32f4xx_hal_rcc_ex.o
 .debug_abbrev  0x0000192c      0x27a ./Drivers/STM32F4xx_HAL_Driver/Src/stm32f4xx_hal_spi.o
 .debug_abbrev  0x00001ba6      0x30e ./Drivers/STM32F4xx_HAL_Driver/Src/stm32f4xx_hal_uart.o
 .debug_abbrev  0x00001eb4      0x15e ./FATFS/App/fatfs.o
 .debug_abbrev  0x00002012      0x177 ./FATFS/Target/user_diskio.o
 .debug_abbrev  0x00002189      0x181 ./Middlewares/Third_Party/FatFs/src/diskio.o
 .debug_abbrev  0x0000230a      0x28a ./Middlewares/Third_Party/FatFs/src/ff.o
 .debug_abbrev  0x00002594      0x19f ./Middlewares/Third_Party/FatFs/src/ff_gen_drv.o
 .debug_abbrev  0x00002733       0xde ./Middlewares/Third_Party/FatFs/src/option/ccsbcs.o

.debug_aranges  0x00000000      0xd40
 .debug_aranges
                0x00000000       0xa8 ./Core/Src/fatfs_sd.o
 .debug_aranges
                0x000000a8       0x68 ./Core/Src/main.o
 .debug_aranges
                0x00000110       0x40 ./Core/Src/stm32f4xx_hal_msp.o
 .debug_aranges
                0x00000150       0x78 ./Core/Src/stm32f4xx_it.o
 .debug_aranges
                0x000001c8       0x28 ./Core/Src/system_stm32f4xx.o
 .debug_aranges
                0x000001f0       0x28 ./Core/Startup/startup_stm32f446retx.o
 .debug_aranges
                0x00000218       0xf0 ./Drivers/STM32F4xx_HAL_Driver/Src/stm32f4xx_hal.o
 .debug_aranges
                0x00000308      0x130 ./Drivers/STM32F4xx_HAL_Driver/Src/stm32f4xx_hal_cortex.o
 .debug_aranges
                0x00000438       0x90 ./Drivers/STM32F4xx_HAL_Driver/Src/stm32f4xx_hal_dma.o
 .debug_aranges
                0x000004c8       0x58 ./Drivers/STM32F4xx_HAL_Driver/Src/stm32f4xx_hal_gpio.o
 .debug_aranges
                0x00000520       0x88 ./Drivers/STM32F4xx_HAL_Driver/Src/stm32f4xx_hal_rcc.o
 .debug_aranges
                0x000005a8       0x78 ./Drivers/STM32F4xx_HAL_Driver/Src/stm32f4xx_hal_rcc_ex.o
 .debug_aranges
                0x00000620      0x1d0 ./Drivers/STM32F4xx_HAL_Driver/Src/stm32f4xx_hal_spi.o
 .debug_aranges
                0x000007f0      0x208 ./Drivers/STM32F4xx_HAL_Driver/Src/stm32f4xx_hal_uart.o
 .debug_aranges
                0x000009f8       0x28 ./FATFS/App/fatfs.o
 .debug_aranges
                0x00000a20       0x40 ./FATFS/Target/user_diskio.o
 .debug_aranges
                0x00000a60       0x48 ./Middlewares/Third_Party/FatFs/src/diskio.o
 .debug_aranges
                0x00000aa8      0x230 ./Middlewares/Third_Party/FatFs/src/ff.o
 .debug_aranges
                0x00000cd8       0x40 ./Middlewares/Third_Party/FatFs/src/ff_gen_drv.o
 .debug_aranges
                0x00000d18       0x28 ./Middlewares/Third_Party/FatFs/src/option/ccsbcs.o

.debug_rnglists
                0x00000000      0xa30
 .debug_rnglists
                0x00000000       0x80 ./Core/Src/fatfs_sd.o
 .debug_rnglists
                0x00000080       0x4d ./Core/Src/main.o
 .debug_rnglists
                0x000000cd       0x2d ./Core/Src/stm32f4xx_hal_msp.o
 .debug_rnglists
                0x000000fa       0x55 ./Core/Src/stm32f4xx_it.o
 .debug_rnglists
                0x0000014f       0x1a ./Core/Src/system_stm32f4xx.o
 .debug_rnglists
                0x00000169       0x19 ./Core/Startup/startup_stm32f446retx.o
 .debug_rnglists
                0x00000182       0xaf ./Drivers/STM32F4xx_HAL_Driver/Src/stm32f4xx_hal.o
 .debug_rnglists
                0x00000231       0xe0 ./Drivers/STM32F4xx_HAL_Driver/Src/stm32f4xx_hal_cortex.o
 .debug_rnglists
                0x00000311       0x70 ./Drivers/STM32F4xx_HAL_Driver/Src/stm32f4xx_hal_dma.o
 .debug_rnglists
                0x00000381       0x3f ./Drivers/STM32F4xx_HAL_Driver/Src/stm32f4xx_hal_gpio.o
 .debug_rnglists
                0x000003c0       0x66 ./Drivers/STM32F4xx_HAL_Driver/Src/stm32f4xx_hal_rcc.o
 .debug_rnglists
                0x00000426       0x5e ./Drivers/STM32F4xx_HAL_Driver/Src/stm32f4xx_hal_rcc_ex.o
 .debug_rnglists
                0x00000484      0x16f ./Drivers/STM32F4xx_HAL_Driver/Src/stm32f4xx_hal_spi.o
 .debug_rnglists
                0x000005f3      0x1bc ./Drivers/STM32F4xx_HAL_Driver/Src/stm32f4xx_hal_uart.o
 .debug_rnglists
                0x000007af       0x19 ./FATFS/App/fatfs.o
 .debug_rnglists
                0x000007c8       0x2b ./FATFS/Target/user_diskio.o
 .debug_rnglists
                0x000007f3       0x31 ./Middlewares/Third_Party/FatFs/src/diskio.o
 .debug_rnglists
                0x00000824      0x1c6 ./Middlewares/Third_Party/FatFs/src/ff.o
 .debug_rnglists
                0x000009ea       0x2c ./Middlewares/Third_Party/FatFs/src/ff_gen_drv.o
 .debug_rnglists
                0x00000a16       0x1a ./Middlewares/Third_Party/FatFs/src/option/ccsbcs.o

.debug_macro    0x00000000    0x22ff3
 .debug_macro   0x00000000      0x1f7 ./Core/Src/fatfs_sd.o
 .debug_macro   0x000001f7      0xad8 ./Core/Src/fatfs_sd.o
 .debug_macro   0x00000ccf      0x29b ./Core/Src/fatfs_sd.o
 .debug_macro   0x00000f6a       0x2e ./Core/Src/fatfs_sd.o
 .debug_macro   0x00000f98       0x28 ./Core/Src/fatfs_sd.o
 .debug_macro   0x00000fc0       0x22 ./Core/Src/fatfs_sd.o
 .debug_macro   0x00000fe2       0x8e ./Core/Src/fatfs_sd.o
 .debug_macro   0x00001070       0x51 ./Core/Src/fatfs_sd.o
 .debug_macro   0x000010c1      0x103 ./Core/Src/fatfs_sd.o
 .debug_macro   0x000011c4       0x6a ./Core/Src/fatfs_sd.o
 .debug_macro   0x0000122e      0x1df ./Core/Src/fatfs_sd.o
 .debug_macro   0x0000140d       0x1c ./Core/Src/fatfs_sd.o
 .debug_macro   0x00001429       0x22 ./Core/Src/fatfs_sd.o
 .debug_macro   0x0000144b       0xfb ./Core/Src/fatfs_sd.o
 .debug_macro   0x00001546     0x1011 ./Core/Src/fatfs_sd.o
 .debug_macro   0x00002557      0x11f ./Core/Src/fatfs_sd.o
 .debug_macro   0x00002676    0x16749 ./Core/Src/fatfs_sd.o
 .debug_macro   0x00018dbf       0x6d ./Core/Src/fatfs_sd.o
 .debug_macro   0x00018e2c     0x369a ./Core/Src/fatfs_sd.o
 .debug_macro   0x0001c4c6      0x190 ./Core/Src/fatfs_sd.o
 .debug_macro   0x0001c656       0x5c ./Core/Src/fatfs_sd.o
 .debug_macro   0x0001c6b2      0xca5 ./Core/Src/fatfs_sd.o
 .debug_macro   0x0001d357      0x9e9 ./Core/Src/fatfs_sd.o
 .debug_macro   0x0001dd40      0x115 ./Core/Src/fatfs_sd.o
 .debug_macro   0x0001de55      0x1a0 ./Core/Src/fatfs_sd.o
 .debug_macro   0x0001dff5       0xa5 ./Core/Src/fatfs_sd.o
 .debug_macro   0x0001e09a      0x16d ./Core/Src/fatfs_sd.o
 .debug_macro   0x0001e207      0x287 ./Core/Src/fatfs_sd.o
 .debug_macro   0x0001e48e       0x5f ./Core/Src/fatfs_sd.o
 .debug_macro   0x0001e4ed      0x236 ./Core/Src/fatfs_sd.o
 .debug_macro   0x0001e723      0x132 ./Core/Src/fatfs_sd.o
 .debug_macro   0x0001e855      0x29c ./Core/Src/fatfs_sd.o
 .debug_macro   0x0001eaf1       0x2e ./Core/Src/fatfs_sd.o
 .debug_macro   0x0001eb1f      0x127 ./Core/Src/fatfs_sd.o
 .debug_macro   0x0001ec46       0xe8 ./Core/Src/fatfs_sd.o
 .debug_macro   0x0001ed2e       0x89 ./Core/Src/fatfs_sd.o
 .debug_macro   0x0001edb7      0x225 ./Core/Src/fatfs_sd.o
 .debug_macro   0x0001efdc      0x2aa ./Core/Src/fatfs_sd.o
 .debug_macro   0x0001f286      0x126 ./Core/Src/fatfs_sd.o
 .debug_macro   0x0001f3ac       0x16 ./Core/Src/fatfs_sd.o
 .debug_macro   0x0001f3c2       0x7c ./Core/Src/fatfs_sd.o
 .debug_macro   0x0001f43e       0x9a ./Core/Src/fatfs_sd.o
 .debug_macro   0x0001f4d8      0x35a ./Core/Src/main.o
 .debug_macro   0x0001f832       0xeb ./Core/Src/main.o
 .debug_macro   0x0001f91d       0x2a ./Core/Src/main.o
 .debug_macro   0x0001f947       0x61 ./Core/Src/main.o
 .debug_macro   0x0001f9a8       0x43 ./Core/Src/main.o
 .debug_macro   0x0001f9eb       0x34 ./Core/Src/main.o
 .debug_macro   0x0001fa1f       0x16 ./Core/Src/main.o
 .debug_macro   0x0001fa35       0x3c ./Core/Src/main.o
 .debug_macro   0x0001fa71      0x370 ./Core/Src/main.o
 .debug_macro   0x0001fde1       0x16 ./Core/Src/main.o
 .debug_macro   0x0001fdf7       0x4a ./Core/Src/main.o
 .debug_macro   0x0001fe41       0x34 ./Core/Src/main.o
 .debug_macro   0x0001fe75       0x10 ./Core/Src/main.o
 .debug_macro   0x0001fe85       0x58 ./Core/Src/main.o
 .debug_macro   0x0001fedd       0x8e ./Core/Src/main.o
 .debug_macro   0x0001ff6b       0x1c ./Core/Src/main.o
 .debug_macro   0x0001ff87      0x185 ./Core/Src/main.o
 .debug_macro   0x0002010c       0x16 ./Core/Src/main.o
 .debug_macro   0x00020122       0x29 ./Core/Src/main.o
 .debug_macro   0x0002014b       0x12 ./Core/Src/main.o
 .debug_macro   0x0002015d       0xe2 ./Core/Src/main.o
 .debug_macro   0x0002023f       0x8e ./Core/Src/main.o
 .debug_macro   0x000202cd       0x16 ./Core/Src/main.o
 .debug_macro   0x000202e3       0x20 ./Core/Src/main.o
 .debug_macro   0x00020303       0x1c ./Core/Src/main.o
 .debug_macro   0x0002031f       0x10 ./Core/Src/main.o
 .debug_macro   0x0002032f       0x1c ./Core/Src/main.o
 .debug_macro   0x0002034b       0x16 ./Core/Src/main.o
 .debug_macro   0x00020361      0x146 ./Core/Src/main.o
 .debug_macro   0x000204a7      0x1ce ./Core/Src/stm32f4xx_hal_msp.o
 .debug_macro   0x00020675      0x1d8 ./Core/Src/stm32f4xx_it.o
 .debug_macro   0x0002084d      0x1c4 ./Core/Src/system_stm32f4xx.o
 .debug_macro   0x00020a11      0x224 ./Drivers/STM32F4xx_HAL_Driver/Src/stm32f4xx_hal.o
 .debug_macro   0x00020c35      0x1c4 ./Drivers/STM32F4xx_HAL_Driver/Src/stm32f4xx_hal_cortex.o
 .debug_macro   0x00020df9      0x1ca ./Drivers/STM32F4xx_HAL_Driver/Src/stm32f4xx_hal_dma.o
 .debug_macro   0x00020fc3      0x1ca ./Drivers/STM32F4xx_HAL_Driver/Src/stm32f4xx_hal_gpio.o
 .debug_macro   0x0002118d      0x1e8 ./Drivers/STM32F4xx_HAL_Driver/Src/stm32f4xx_hal_rcc.o
 .debug_macro   0x00021375      0x1c4 ./Drivers/STM32F4xx_HAL_Driver/Src/stm32f4xx_hal_rcc_ex.o
 .debug_macro   0x00021539      0x1d3 ./Drivers/STM32F4xx_HAL_Driver/Src/stm32f4xx_hal_spi.o
 .debug_macro   0x0002170c      0x1c5 ./Drivers/STM32F4xx_HAL_Driver/Src/stm32f4xx_hal_uart.o
 .debug_macro   0x000218d1      0x2f3 ./FATFS/App/fatfs.o
 .debug_macro   0x00021bc4       0xe5 ./FATFS/App/fatfs.o
 .debug_macro   0x00021ca9      0x310 ./FATFS/Target/user_diskio.o
 .debug_macro   0x00021fb9       0x10 ./FATFS/Target/user_diskio.o
 .debug_macro   0x00021fc9       0x56 ./FATFS/Target/user_diskio.o
 .debug_macro   0x0002201f      0x2e0 ./Middlewares/Third_Party/FatFs/src/diskio.o
 .debug_macro   0x000222ff      0x6ee ./Middlewares/Third_Party/FatFs/src/ff.o
 .debug_macro   0x000229ed       0x58 ./Middlewares/Third_Party/FatFs/src/ff.o
 .debug_macro   0x00022a45      0x2e0 ./Middlewares/Third_Party/FatFs/src/ff_gen_drv.o
 .debug_macro   0x00022d25      0x2ce ./Middlewares/Third_Party/FatFs/src/option/ccsbcs.o

.debug_line     0x00000000    0x13832
 .debug_line    0x00000000      0xe7f ./Core/Src/fatfs_sd.o
 .debug_line    0x00000e7f      0xbaf ./Core/Src/main.o
 .debug_line    0x00001a2e      0x820 ./Core/Src/stm32f4xx_hal_msp.o
 .debug_line    0x0000224e      0x836 ./Core/Src/stm32f4xx_it.o
 .debug_line    0x00002a84      0x7b1 ./Core/Src/system_stm32f4xx.o
 .debug_line    0x00003235       0x7a ./Core/Startup/startup_stm32f446retx.o
 .debug_line    0x000032af      0xa1e ./Drivers/STM32F4xx_HAL_Driver/Src/stm32f4xx_hal.o
 .debug_line    0x00003ccd      0xcee ./Drivers/STM32F4xx_HAL_Driver/Src/stm32f4xx_hal_cortex.o
 .debug_line    0x000049bb      0xf8a ./Drivers/STM32F4xx_HAL_Driver/Src/stm32f4xx_hal_dma.o
 .debug_line    0x00005945      0xb62 ./Drivers/STM32F4xx_HAL_Driver/Src/stm32f4xx_hal_gpio.o
 .debug_line    0x000064a7      0xe37 ./Drivers/STM32F4xx_HAL_Driver/Src/stm32f4xx_hal_rcc.o
 .debug_line    0x000072de     0x14e7 ./Drivers/STM32F4xx_HAL_Driver/Src/stm32f4xx_hal_rcc_ex.o
 .debug_line    0x000087c5     0x1cb3 ./Drivers/STM32F4xx_HAL_Driver/Src/stm32f4xx_hal_spi.o
 .debug_line    0x0000a478     0x252d ./Drivers/STM32F4xx_HAL_Driver/Src/stm32f4xx_hal_uart.o
 .debug_line    0x0000c9a5      0x91f ./FATFS/App/fatfs.o
 .debug_line    0x0000d2c4      0x96c ./FATFS/Target/user_diskio.o
 .debug_line    0x0000dc30      0x98d ./Middlewares/Third_Party/FatFs/src/diskio.o
 .debug_line    0x0000e5bd     0x3ee7 ./Middlewares/Third_Party/FatFs/src/ff.o
 .debug_line    0x000124a4      0x9a8 ./Middlewares/Third_Party/FatFs/src/ff_gen_drv.o
 .debug_line    0x00012e4c      0x9e6 ./Middlewares/Third_Party/FatFs/src/option/ccsbcs.o

.debug_str      0x00000000    0xcbed3
 .debug_str     0x00000000    0xcbed3 ./Core/Src/fatfs_sd.o
                              0xc43e2 (size before relaxing)
 .debug_str     0x000cbed3    0xc8d09 ./Core/Src/main.o
 .debug_str     0x000cbed3    0xc4817 ./Core/Src/stm32f4xx_hal_msp.o
 .debug_str     0x000cbed3    0xc3fe9 ./Core/Src/stm32f4xx_it.o
 .debug_str     0x000cbed3    0xc3c02 ./Core/Src/system_stm32f4xx.o
 .debug_str     0x000cbed3       0x7c ./Core/Startup/startup_stm32f446retx.o
 .debug_str     0x000cbed3    0xc47c7 ./Drivers/STM32F4xx_HAL_Driver/Src/stm32f4xx_hal.o
 .debug_str     0x000cbed3    0xc451e ./Drivers/STM32F4xx_HAL_Driver/Src/stm32f4xx_hal_cortex.o
 .debug_str     0x000cbed3    0xc3ff7 ./Drivers/STM32F4xx_HAL_Driver/Src/stm32f4xx_hal_dma.o
 .debug_str     0x000cbed3    0xc3d7d ./Drivers/STM32F4xx_HAL_Driver/Src/stm32f4xx_hal_gpio.o
 .debug_str     0x000cbed3    0xc403b ./Drivers/STM32F4xx_HAL_Driver/Src/stm32f4xx_hal_rcc.o
 .debug_str     0x000cbed3    0xc406e ./Drivers/STM32F4xx_HAL_Driver/Src/stm32f4xx_hal_rcc_ex.o
 .debug_str     0x000cbed3    0xc449b ./Drivers/STM32F4xx_HAL_Driver/Src/stm32f4xx_hal_spi.o
 .debug_str     0x000cbed3    0xc45f2 ./Drivers/STM32F4xx_HAL_Driver/Src/stm32f4xx_hal_uart.o
 .debug_str     0x000cbed3    0xc747a ./FATFS/App/fatfs.o
 .debug_str     0x000cbed3    0xc7430 ./FATFS/Target/user_diskio.o
 .debug_str     0x000cbed3    0xc7376 ./Middlewares/Third_Party/FatFs/src/diskio.o
 .debug_str     0x000cbed3    0xc867d ./Middlewares/Third_Party/FatFs/src/ff.o
 .debug_str     0x000cbed3    0xc73c7 ./Middlewares/Third_Party/FatFs/src/ff_gen_drv.o
 .debug_str     0x000cbed3    0xc714b ./Middlewares/Third_Party/FatFs/src/option/ccsbcs.o

.comment        0x00000000       0x43
 .comment       0x00000000       0x43 ./Core/Src/fatfs_sd.o
                                 0x44 (size before relaxing)
 .comment       0x00000043       0x44 ./Core/Src/main.o
 .comment       0x00000043       0x44 ./Core/Src/stm32f4xx_hal_msp.o
 .comment       0x00000043       0x44 ./Core/Src/stm32f4xx_it.o
 .comment       0x00000043       0x44 ./Core/Src/system_stm32f4xx.o
 .comment       0x00000043       0x44 ./Drivers/STM32F4xx_HAL_Driver/Src/stm32f4xx_hal.o
 .comment       0x00000043       0x44 ./Drivers/STM32F4xx_HAL_Driver/Src/stm32f4xx_hal_cortex.o
 .comment       0x00000043       0x44 ./Drivers/STM32F4xx_HAL_Driver/Src/stm32f4xx_hal_dma.o
 .comment       0x00000043       0x44 ./Drivers/STM32F4xx_HAL_Driver/Src/stm32f4xx_hal_gpio.o
 .comment       0x00000043       0x44 ./Drivers/STM32F4xx_HAL_Driver/Src/stm32f4xx_hal_rcc.o
 .comment       0x00000043       0x44 ./Drivers/STM32F4xx_HAL_Driver/Src/stm32f4xx_hal_rcc_ex.o
 .comment       0x00000043       0x44 ./Drivers/STM32F4xx_HAL_Driver/Src/stm32f4xx_hal_spi.o
 .comment       0x00000043       0x44 ./Drivers/STM32F4xx_HAL_Driver/Src/stm32f4xx_hal_uart.o
 .comment       0x00000043       0x44 ./FATFS/App/fatfs.o
 .comment       0x00000043       0x44 ./FATFS/Target/user_diskio.o
 .comment       0x00000043       0x44 ./Middlewares/Third_Party/FatFs/src/diskio.o
 .comment       0x00000043       0x44 ./Middlewares/Third_Party/FatFs/src/ff.o
 .comment       0x00000043       0x44 ./Middlewares/Third_Party/FatFs/src/ff_gen_drv.o
 .comment       0x00000043       0x44 ./Middlewares/Third_Party/FatFs/src/option/ccsbcs.o

.debug_frame    0x00000000     0x35a0
 .debug_frame   0x00000000      0x28c ./Core/Src/fatfs_sd.o
 .debug_frame   0x0000028c      0x14c ./Core/Src/main.o
 .debug_frame   0x000003d8       0xc8 ./Core/Src/stm32f4xx_hal_msp.o
 .debug_frame   0x000004a0      0x158 ./Core/Src/stm32f4xx_it.o
 .debug_frame   0x000005f8       0x58 ./Core/Src/system_stm32f4xx.o
 .debug_frame   0x00000650      0x374 ./Drivers/STM32F4xx_HAL_Driver/Src/stm32f4xx_hal.o
 .debug_frame   0x000009c4      0x508 ./Drivers/STM32F4xx_HAL_Driver/Src/stm32f4xx_hal_cortex.o
 .debug_frame   0x00000ecc      0x250 ./Drivers/STM32F4xx_HAL_Driver/Src/stm32f4xx_hal_dma.o
 .debug_frame   0x0000111c      0x14c ./Drivers/STM32F4xx_HAL_Driver/Src/stm32f4xx_hal_gpio.o
 .debug_frame   0x00001268      0x1f4 ./Drivers/STM32F4xx_HAL_Driver/Src/stm32f4xx_hal_rcc.o
 .debug_frame   0x0000145c      0x1e8 ./Drivers/STM32F4xx_HAL_Driver/Src/stm32f4xx_hal_rcc_ex.o
 .debug_frame   0x00001644      0x828 ./Drivers/STM32F4xx_HAL_Driver/Src/stm32f4xx_hal_spi.o
 .debug_frame   0x00001e6c      0x954 ./Drivers/STM32F4xx_HAL_Driver/Src/stm32f4xx_hal_uart.o
 .debug_frame   0x000027c0       0x4c ./FATFS/App/fatfs.o
 .debug_frame   0x0000280c       0xc8 ./FATFS/Target/user_diskio.o
 .debug_frame   0x000028d4       0xec ./Middlewares/Third_Party/FatFs/src/diskio.o
 .debug_frame   0x000029c0      0xa0c ./Middlewares/Third_Party/FatFs/src/ff.o
 .debug_frame   0x000033cc       0xc8 ./Middlewares/Third_Party/FatFs/src/ff_gen_drv.o
 .debug_frame   0x00003494       0x60 ./Middlewares/Third_Party/FatFs/src/option/ccsbcs.o
 .debug_frame   0x000034f4       0x20 C:/ST/STM32CubeIDE_1.18.0/STM32CubeIDE/plugins/com.st.stm32cube.ide.mcu.externaltools.gnu-tools-for-stm32.13.3.rel1.win32_1.0.0.202411081344/tools/bin/../lib/gcc/arm-none-eabi/13.3.1/../../../../arm-none-eabi/lib/thumb/v7e-m+fp/hard\libc_nano.a(libc_a-memset.o)
 .debug_frame   0x00003514       0x2c C:/ST/STM32CubeIDE_1.18.0/STM32CubeIDE/plugins/com.st.stm32cube.ide.mcu.externaltools.gnu-tools-for-stm32.13.3.rel1.win32_1.0.0.202411081344/tools/bin/../lib/gcc/arm-none-eabi/13.3.1/../../../../arm-none-eabi/lib/thumb/v7e-m+fp/hard\libc_nano.a(libc_a-init.o)
 .debug_frame   0x00003540       0x2c C:/ST/STM32CubeIDE_1.18.0/STM32CubeIDE/plugins/com.st.stm32cube.ide.mcu.externaltools.gnu-tools-for-stm32.13.3.rel1.win32_1.0.0.202411081344/tools/bin/../lib/gcc/arm-none-eabi/13.3.1/thumb/v7e-m+fp/hard\libgcc.a(_aeabi_uldivmod.o)
 .debug_frame   0x0000356c       0x34 C:/ST/STM32CubeIDE_1.18.0/STM32CubeIDE/plugins/com.st.stm32cube.ide.mcu.externaltools.gnu-tools-for-stm32.13.3.rel1.win32_1.0.0.202411081344/tools/bin/../lib/gcc/arm-none-eabi/13.3.1/thumb/v7e-m+fp/hard\libgcc.a(_udivmoddi4.o)

.debug_line_str
                0x00000000       0x60
 .debug_line_str
                0x00000000       0x60 ./Core/Startup/startup_stm32f446retx.o
